// Jest Snapshot v1, https://goo.gl/fbAQLP

exports[`<Header /> should render correctly 1`] = `
<div>
  <nav
    class="management-bar navbar navbar-expand-md management-bar-light"
  >
    <div
      class="container-fluid container-fluid-max-xl"
    >
      <ul
        class="navbar-nav"
      >
        <li
          class="nav-item"
          style="margin-right: 28px;"
        >
          <img
            alt="github logo"
            src="github.svg"
          />
        </li>
        <li
          class="nav-item"
        >
          <span
            class="text-capitalize text-secondary font-weight-semi-bold"
          >
            Github Compare
          </span>
        </li>
        <li
          class="nav-item"
        >
          <div
            class="dropdown"
          >
            <button
              class="dropdown-toggle nav-link btn btn-unstyled"
              style=""
              type="button"
            >
              <span
                class="navbar-breakpoint-down-d-none"
              >
                <span
                  class="navbar-text-truncate"
                >
                  Filter and order
                </span>
                <svg
                  class="lexicon-icon lexicon-icon-caret-bottom inline-item inline-item-after"
                  role="presentation"
                >
                  <use
                    xlink:href="#caret-bottom"
                  />
                </svg>
              </span>
              <span
                class="navbar-breakpoint-d-none"
              >
                <svg
                  class="lexicon-icon lexicon-icon-filter"
                  role="presentation"
                >
                  <use
                    xlink:href="#filter"
                  />
                </svg>
              </span>
            </button>
          </div>
        </li>
      </ul>
      <div
        class="navbar-form navbar-form-autofit navbar-overlay navbar-overlay-sm-down"
      >
        <div
          class="container-fluid container-fluid-max-xl"
        >
          <form
            role="search"
          >
            <div
              class="input-group"
            >
              <div
                class="input-group-item"
              >
                <input
                  aria-label="Search"
                  class="form-control form-control input-group-inset input-group-inset-after"
                  placeholder="e.g. liferay/clay"
                  type="text"
                />
                <span
                  class="input-group-inset-item input-group-inset-item-after"
                >
                  <button
                    class="navbar-breakpoint-d-none btn btn-monospaced btn-unstyled"
                    type="button"
                  >
                    <svg
                      class="lexicon-icon lexicon-icon-times"
                      role="presentation"
                    >
                      <use
                        xlink:href="#times"
                      />
                    </svg>
                  </button>
                  <button
                    class="btn btn-monospaced btn-unstyled"
                    type="submit"
                  >
                    <svg
                      class="lexicon-icon lexicon-icon-search"
                      role="presentation"
                    >
                      <use
                        xlink:href="#search"
                      />
                    </svg>
                  </button>
                </span>
              </div>
            </div>
          </form>
        </div>
      </div>
      <ul
        class="navbar-nav"
      >
        <li
          class="nav-item navbar-breakpoint-d-none"
        >
          <button
            class="nav-link nav-link-monospaced btn btn-unstyled"
            type="button"
          >
            <svg
              class="lexicon-icon lexicon-icon-search"
              role="presentation"
            >
              <use
                xlink:href="#search"
              />
            </svg>
          </button>
        </li>
        <li
          class="nav-item"
        >
          <button
            class="nav-link nav-link-monospaced btn btn-unstyled"
            type="button"
          >
            <svg
              class="lexicon-icon lexicon-icon-star-o"
              role="presentation"
            >
              <use
                xlink:href="#star-o"
              />
            </svg>
          </button>
        </li>
        <li
          class="nav-item"
        >
          <button
            class="nav-link nav-link-monospaced btn btn-unstyled"
            type="button"
          >
            <svg
              class="lexicon-icon lexicon-icon-adjust"
              role="presentation"
            >
              <use
                xlink:href="#adjust"
              />
            </svg>
          </button>
        </li>
        <li
          class="nav-item"
        >
          <div
            class="dropdown"
          >
            <button
              class="dropdown-toggle nav-link-monospaced nav-link btn btn-unstyled"
              style=""
              type="button"
            >
              <svg
                class="lexicon-icon lexicon-icon-cards2"
                role="presentation"
              >
                <use
                  xlink:href="#cards2"
                />
              </svg>
            </button>
          </div>
        </li>
        <li
          class="nav-item"
          style="margin-left: 24px;"
        >
          <button
            aria-label="Add button"
            class="btn btn-monospaced btn-primary"
            data-testid="addButtonToolbarManagement"
            type="button"
          >
            <svg
              class="lexicon-icon lexicon-icon-plus"
              role="presentation"
            >
              <use
                xlink:href="#plus"
              />
            </svg>
          </button>
        </li>
      </ul>
    </div>
  </nav>
</div>
`;
